*****************************************************************
   ____  ____   ____   ____                                     
  / ___||  _ \ |  _ \ |  _ \                                   
 | |  _ | |_) || |_) || | | |                                  
 | |_| ||  _ < |  __/ | |_| |     v1.0                         
  \____||_| \_\|_|    |____/                                  
*****************************************************************

*****************************************************************
    ####   ####    ####   ####                                  
   ##  ## ##  ##  ## ## ##  ##                                  
   ##     ##  ##  ##  # ##  ##                                  
   ## ### #####   ####  ##  ##                                  
   ##  ## ##  ##  ##    ##  ##                                  
   ##  ## ##  ##  ##    ##  ##                                  
    ####  ##  ##  ##    ####                                    
*****************************************************************

          _____                    _____                    _____                    _____          
         /\    \                  /\    \                  /\    \                  /\    \         
        /::\    \                /::\    \                /::\    \                /::\    \        
       /::::\    \              /::::\    \              /::::\    \              /::::\    \       
      /::::::\    \            /::::::\    \            /::::::\    \            /::::::\    \      
     /:::/\:::\    \          /:::/\:::\    \          /:::/\:::\    \          /:::/\:::\    \     
    /:::/  \:::\    \        /:::/__\:::\    \        /:::/__\:::\    \        /:::/  \:::\    \    
   /:::/    \:::\    \      /::::\   \:::\    \      /::::\   \:::\    \      /:::/    \:::\    \   
  /:::/    / \:::\    \    /::::::\   \:::\    \    /::::::\   \:::\    \    /:::/    / \:::\    \  
 /:::/    /   \:::\ ___\  /:::/\:::\   \:::\____\  /:::/\:::\   \:::\____\  /:::/    /   \:::\ ___\ 
/:::/____/  ___\:::|    |/:::/  \:::\   \:::|    |/:::/  \:::\   \:::|    |/:::/____/     \:::|    |
\:::\    \ /\  /:::|____|\::/   |::::\  /:::|____|\::/    \:::\  /:::|____|\:::\    \     /:::|____|
 \:::\    /::\ \::/    /  \/____|:::::\/:::/    /  \/_____/\:::\/:::/    /  \:::\    \   /:::/    / 
  \:::\   \:::\ \/____/         |:::::::::/    /            \::::::/    /    \:::\    \ /:::/    /  
   \:::\   \:::\____\           |::|\::::/    /              \::::/    /      \:::\    /:::/    /   
    \:::\  /:::/    /           |::| \::/____/                \::/____/        \:::\  /:::/    /    
     \:::\/:::/    /            |::|  ~|                       ~~               \:::\/:::/    /     
      \::::::/    /             |::|   |                                         \::::::/    /      
       \::::/    /              \::|   |                                          \::::/    /       
        \::/____/                \:|   |                                           \::/____/        
                                  \|___|                                            ~~              

*****************************************************************
   GGGGGGG RRRRRR  PPPPPP   DDDDD                        
   GG      RR  RR  PP   PP  DD  DD                       
   GG      RR  RR  PP   PP  DD   DD                      
   GG GGG  RRRRRR  PPPPPP   DD   DD                     
   GG  GG  RR RR   PP       DD   DD                     
   GG  GG  RR  RR  PP       DD  DD                      
   GGGGGGG RR   RR PP       DDDDD                       
*****************************************************************


[90m[11:36:07] [0m[[32mINFO [0m] [36m[Start][0m
    | GRPD is running...!

[90m[11:36:07] [0m[[32mINFO [0m] [36m[IOManager][0m
    | Initializing IO Manager...
    | Working directory: D:\Project_C++\GRPD
    | Install directory: D:\Project_C++\GRPD
    | Model name: GRPD
